Initialized native services in: /opt/gradle/.gradle/native
Initialized jansi services in: /opt/gradle/.gradle/native
The client will now receive all logging from the daemon (pid: 7315). The daemon log file: /opt/gradle/.gradle/daemon/9.3.1/daemon-7315.out.log
Starting 2nd build in daemon [uptime: 57.62 secs, performance: 98%, GC rate: 0.00/s, heap usage: 0% of 4 GiB]
Using 4 worker leases.
Operational build model parameters: {requiresToolingModels=false, parallelProjectExecution=true, configureOnDemand=false, configurationCache=true, configurationCacheParallelStore=false, configurationCacheParallelLoad=true, isolatedProjects=false, parallelProjectConfiguration=false, intermediateModelCache=false, parallelToolingApiActions=true, invalidateCoupledProjects=false, modelAsProjectDependency=false, resilientModelBuilding=false}
Encryption key source: default Gradle keystore (pkcs12)
Invalidating in-memory cache of /opt/gradle/.gradle/caches/journal-1/file-access.bin
Reusing configuration cache.
Watching the file system is configured to be enabled if available
Unable to list file systems to check whether they can be watched. Disabling watching. Reason: Could not query file systems: could not open mount file (errno 2: No such file or directory)
File system watching is inactive
Using local directory build cache for the root build (location = /opt/gradle/.gradle/caches/build-cache-1, remove unused entries = after 7 days).
Tasks to be executed: [task ':app:cleanTestDebugUnitTest', task ':app:preBuild', task ':app:preDebugBuild', task ':app:generateDebugBuildConfig', task ':app:generateDebugResources', task ':app:processDebugGoogleServices', task ':app:packageDebugResources', task ':app:processDebugNavigationResources', task ':app:parseDebugLocalResources', task ':app:generateDebugRFile', task ':app:kspDebugKotlin', task ':app:compileDebugKotlin', task ':app:javaPreCompileDebug', task ':app:compileDebugJavaWithJavac', task ':app:checkDebugAarMetadata', task ':app:mapDebugSourceSetPaths', task ':app:compileDebugNavigationResources', task ':app:mergeDebugResources', task ':app:createDebugCompatibleScreenManifests', task ':app:extractDeepLinksDebug', task ':app:processDebugMainManifest', task ':app:processDebugManifest', task ':app:processDebugManifestForPackage', task ':app:processDebugResources', task ':app:bundleDebugClassesToRuntimeJar', task ':app:bundleDebugClassesToCompileJar', task ':app:kspDebugUnitTestKotlin', task ':app:preDebugUnitTestBuild', task ':app:compileDebugUnitTestKotlin', task ':app:javaPreCompileDebugUnitTest', task ':app:compileDebugUnitTestJavaWithJavac', task ':app:generateDebugAssets', task ':app:mergeDebugAssets', task ':app:packageDebugUnitTestForUnitTest', task ':app:processDebugUnitTestManifest', task ':app:generateDebugUnitTestConfig', task ':app:processDebugJavaRes', task ':app:processDebugUnitTestJavaRes', task ':app:testDebugUnitTest', task ':app:finalizeTestRoborazziDebug']
Tasks that were excluded: []
Resolve mutations for :app:cleanTestDebugUnitTest (Thread[#111,included builds,5,main]) started.
Resolve mutations for :app:generateDebugAssets (Thread[#113,Execution worker Thread 2,5,main]) started.
Resolve mutations for :app:preBuild (Thread[#112,Execution worker,5,main]) started.
:app:preBuild (Thread[#112,Execution worker,5,main]) started.
:app:generateDebugAssets (Thread[#113,Execution worker Thread 2,5,main]) started.
:app:cleanTestDebugUnitTest (Thread[#111,included builds,5,main]) started.
destroyer locations for task group 0 (Thread[#114,Execution worker Thread 3,5,main]) started.
Resolve mutations for :app:processDebugGoogleServices (Thread[#114,Execution worker Thread 3,5,main]) started.

> Task :app:generateDebugAssets UP-TO-DATE
Skipping task ':app:generateDebugAssets' as it has no actions.

> Task :app:preBuild UP-TO-DATE
Skipping task ':app:preBuild' as it has no actions.
Resolve mutations for :app:preDebugBuild (Thread[#112,Execution worker,5,main]) started.
Build 4b9495c1-024f-4e01-b8d9-7e1b8d0bcc00 is started
Resolve mutations for :app:preDebugUnitTestBuild (Thread[#113,Execution worker Thread 2,5,main]) started.
:app:processDebugGoogleServices (Thread[#114,Execution worker Thread 3,5,main]) started.
:app:preDebugBuild (Thread[#112,Execution worker,5,main]) started.
:app:preDebugUnitTestBuild (Thread[#113,Execution worker Thread 2,5,main]) started.

> Task :app:preDebugBuild UP-TO-DATE
Skipping task ':app:preDebugBuild' as it has no actions.

> Task :app:preDebugUnitTestBuild UP-TO-DATE
Skipping task ':app:preDebugUnitTestBuild' as it has no actions.
Resolve mutations for :app:generateDebugBuildConfig (Thread[#112,Execution worker,5,main]) started.
:app:generateDebugBuildConfig (Thread[#112,Execution worker,5,main]) started.
Resolve mutations for :app:generateDebugResources (Thread[#113,Execution worker Thread 2,5,main]) started.
:app:generateDebugResources (Thread[#113,Execution worker Thread 2,5,main]) started.

> Task :app:generateDebugBuildConfig UP-TO-DATE
Build cache key for task ':app:generateDebugBuildConfig' is 3083a173a5cf577d532a0e4cfe6d6a17
Skipping task ':app:generateDebugBuildConfig' as it is up-to-date.
Resolve mutations for :app:processDebugNavigationResources (Thread[#112,Execution worker,5,main]) started.

> Task :app:processDebugGoogleServices UP-TO-DATE
Build cache key for task ':app:processDebugGoogleServices' is 6b26224403c5f2acb19474fc41dd2d51
Skipping task ':app:processDebugGoogleServices' as it is up-to-date.
Resolve mutations for :app:kspDebugKotlin (Thread[#114,Execution worker Thread 3,5,main]) started.
:app:processDebugNavigationResources (Thread[#112,Execution worker,5,main]) started.
:app:kspDebugKotlin (Thread[#114,Execution worker Thread 3,5,main]) started.

> Task :app:generateDebugResources UP-TO-DATE
Build cache key for task ':app:generateDebugResources' is 4d3e843b64f3a66d20c46a962219a579
Skipping task ':app:generateDebugResources' as it is up-to-date.
Resolve mutations for :app:packageDebugResources (Thread[#113,Execution worker Thread 2,5,main]) started.
:app:packageDebugResources (Thread[#113,Execution worker Thread 2,5,main]) started.

> Task :app:packageDebugResources UP-TO-DATE
Build cache key for task ':app:packageDebugResources' is c6ee3479e582130f2760d23b191e1289
Skipping task ':app:packageDebugResources' as it is up-to-date.
Resolve mutations for :app:javaPreCompileDebug (Thread[#113,Execution worker Thread 2,5,main]) started.
:app:javaPreCompileDebug (Thread[#113,Execution worker Thread 2,5,main]) started.

> Task :app:cleanTestDebugUnitTest
Caching disabled for task ':app:cleanTestDebugUnitTest' because:
  Deletion cannot be cached
Task ':app:cleanTestDebugUnitTest' is not up-to-date because:
  Task has not declared any outputs despite executing actions.
Resolve mutations for :app:checkDebugAarMetadata (Thread[#111,included builds,5,main]) started.
:app:checkDebugAarMetadata (Thread[#111,included builds,5,main]) started.

> Task :app:javaPreCompileDebug UP-TO-DATE
Build cache key for task ':app:javaPreCompileDebug' is 2cb78727276e0b066618a71149b401cf
Skipping task ':app:javaPreCompileDebug' as it is up-to-date.
Resolve mutations for :app:mapDebugSourceSetPaths (Thread[#113,Execution worker Thread 2,5,main]) started.
:app:mapDebugSourceSetPaths (Thread[#113,Execution worker Thread 2,5,main]) started.

> Task :app:mapDebugSourceSetPaths UP-TO-DATE
Caching disabled for task ':app:mapDebugSourceSetPaths' because:
  Caching has been disabled for the task
Skipping task ':app:mapDebugSourceSetPaths' as it is up-to-date.
Resolve mutations for :app:mergeDebugResources (Thread[#113,Execution worker Thread 2,5,main]) started.
:app:mergeDebugResources (Thread[#113,Execution worker Thread 2,5,main]) started.

> Task :app:kspDebugKotlin UP-TO-DATE
Build cache key for task ':app:kspDebugKotlin' is 982e9f838b6628fb5cc296078a40a8eb
Skipping task ':app:kspDebugKotlin' as it is up-to-date.
Resolve mutations for :app:createDebugCompatibleScreenManifests (Thread[#114,Execution worker Thread 3,5,main]) started.
:app:createDebugCompatibleScreenManifests (Thread[#114,Execution worker Thread 3,5,main]) started.

> Task :app:createDebugCompatibleScreenManifests UP-TO-DATE
Caching disabled for task ':app:createDebugCompatibleScreenManifests' because:
  Caching has been disabled for the task
Skipping task ':app:createDebugCompatibleScreenManifests' as it is up-to-date.
Resolve mutations for :app:extractDeepLinksDebug (Thread[#114,Execution worker Thread 3,5,main]) started.
:app:extractDeepLinksDebug (Thread[#114,Execution worker Thread 3,5,main]) started.

> Task :app:extractDeepLinksDebug UP-TO-DATE
Build cache key for task ':app:extractDeepLinksDebug' is c004ba77ebaa73b0d0c8e0f33f1b1a4b
Skipping task ':app:extractDeepLinksDebug' as it is up-to-date.
Resolve mutations for :app:processDebugMainManifest (Thread[#114,Execution worker Thread 3,5,main]) started.
:app:processDebugMainManifest (Thread[#114,Execution worker Thread 3,5,main]) started.

> Task :app:checkDebugAarMetadata UP-TO-DATE
Caching disabled for task ':app:checkDebugAarMetadata' because:
  Caching has been disabled for the task
Skipping task ':app:checkDebugAarMetadata' as it is up-to-date.
Resolve mutations for :app:javaPreCompileDebugUnitTest (Thread[#111,included builds,5,main]) started.
:app:javaPreCompileDebugUnitTest (Thread[#111,included builds,5,main]) started.

> Task :app:mergeDebugResources UP-TO-DATE
Build cache key for task ':app:mergeDebugResources' is a8defcd0336c0bb964e0c914387a18e0
Skipping task ':app:mergeDebugResources' as it is up-to-date.
Resolve mutations for :app:mergeDebugAssets (Thread[#113,Execution worker Thread 2,5,main]) started.
:app:mergeDebugAssets (Thread[#113,Execution worker Thread 2,5,main]) started.

> Task :app:javaPreCompileDebugUnitTest UP-TO-DATE
Build cache key for task ':app:javaPreCompileDebugUnitTest' is 1b0424d41fd12035815686b7761188fd
Skipping task ':app:javaPreCompileDebugUnitTest' as it is up-to-date.
work action resolve navigation.json (project :app) (Thread[#111,included builds,5,main]) started.

> Task :app:processDebugMainManifest UP-TO-DATE
Build cache key for task ':app:processDebugMainManifest' is 8d4a618c10390eda380df28cb6f59f54
Skipping task ':app:processDebugMainManifest' as it is up-to-date.
Resolve mutations for :app:processDebugManifest (Thread[#114,Execution worker Thread 3,5,main]) started.
Resolve mutations for :app:processDebugUnitTestManifest (Thread[#111,included builds,5,main]) started.
:app:processDebugManifest (Thread[#114,Execution worker Thread 3,5,main]) started.
:app:processDebugUnitTestManifest (Thread[#111,included builds,5,main]) started.

> Task :app:processDebugManifest UP-TO-DATE
Build cache key for task ':app:processDebugManifest' is 0264755a03d941d20b40ee2b36a9195b
Skipping task ':app:processDebugManifest' as it is up-to-date.
Resolve mutations for :app:processDebugManifestForPackage (Thread[#114,Execution worker Thread 3,5,main]) started.
:app:processDebugManifestForPackage (Thread[#114,Execution worker Thread 3,5,main]) started.

> Task :app:processDebugManifestForPackage UP-TO-DATE
Build cache key for task ':app:processDebugManifestForPackage' is c833c2b2e5871cda6e7c1638cbd4eb47
Skipping task ':app:processDebugManifestForPackage' as it is up-to-date.

> Task :app:mergeDebugAssets UP-TO-DATE
Caching disabled for task ':app:mergeDebugAssets' because:
  Simple merging task
Skipping task ':app:mergeDebugAssets' as it is up-to-date.

> Task :app:processDebugNavigationResources UP-TO-DATE
Build cache key for task ':app:processDebugNavigationResources' is 66245d8745cf59936f442a92409ee60c
Skipping task ':app:processDebugNavigationResources' as it is up-to-date.
Resolve mutations for :app:parseDebugLocalResources (Thread[#112,Execution worker,5,main]) started.
Resolve mutations for :app:compileDebugNavigationResources (Thread[#114,Execution worker Thread 3,5,main]) started.
:app:parseDebugLocalResources (Thread[#112,Execution worker,5,main]) started.
:app:compileDebugNavigationResources (Thread[#114,Execution worker Thread 3,5,main]) started.

> Task :app:compileDebugNavigationResources UP-TO-DATE
Build cache key for task ':app:compileDebugNavigationResources' is 4595b550e290fc33651aed803dc4783a
Skipping task ':app:compileDebugNavigationResources' as it is up-to-date.

> Task :app:parseDebugLocalResources UP-TO-DATE
Build cache key for task ':app:parseDebugLocalResources' is d6eb11d36eda1dc3f0d6b22463702e35
Skipping task ':app:parseDebugLocalResources' as it is up-to-date.
Resolve mutations for :app:generateDebugRFile (Thread[#112,Execution worker,5,main]) started.
Resolve mutations for :app:processDebugResources (Thread[#114,Execution worker Thread 3,5,main]) started.
:app:generateDebugRFile (Thread[#112,Execution worker,5,main]) started.
:app:processDebugResources (Thread[#114,Execution worker Thread 3,5,main]) started.

> Task :app:generateDebugRFile UP-TO-DATE
Build cache key for task ':app:generateDebugRFile' is 25cc71217072705e9af5e78e31fe2d5b
Skipping task ':app:generateDebugRFile' as it is up-to-date.
Resolve mutations for :app:compileDebugKotlin (Thread[#112,Execution worker,5,main]) started.
:app:compileDebugKotlin (Thread[#112,Execution worker,5,main]) started.

> Task :app:processDebugUnitTestManifest UP-TO-DATE
Caching disabled for task ':app:processDebugUnitTestManifest' because:
  Caching has been disabled for the task
Skipping task ':app:processDebugUnitTestManifest' as it is up-to-date.

> Task :app:compileDebugKotlin UP-TO-DATE
file or directory '/app/applet/app/src/main/kotlin', not found
file or directory '/app/applet/app/src/debug/java', not found
file or directory '/app/applet/app/src/debug/kotlin', not found
file or directory '/app/applet/app/src/debug/java', not found
file or directory '/app/applet/app/src/main/kotlin', not found
file or directory '/app/applet/app/src/debug/java', not found
file or directory '/app/applet/app/src/debug/kotlin', not found
file or directory '/app/applet/app/src/debug/java', not found
file or directory '/app/applet/app/src/main/kotlin', not found
file or directory '/app/applet/app/src/debug/java', not found
file or directory '/app/applet/app/src/debug/kotlin', not found
file or directory '/app/applet/app/src/debug/java', not found
Build cache key for task ':app:compileDebugKotlin' is 063989779f3fc4a5cbd343ba301da7c8
Skipping task ':app:compileDebugKotlin' as it is up-to-date.
Resolve mutations for :app:compileDebugJavaWithJavac (Thread[#112,Execution worker,5,main]) started.
Resolve mutations for :app:processDebugJavaRes (Thread[#111,included builds,5,main]) started.
:app:processDebugJavaRes (Thread[#111,included builds,5,main]) started.
:app:compileDebugJavaWithJavac (Thread[#112,Execution worker,5,main]) started.

> Task :app:processDebugResources UP-TO-DATE
Build cache key for task ':app:processDebugResources' is 822ef8edcbaeda4ea8a18c2c53729bc4
Skipping task ':app:processDebugResources' as it is up-to-date.
Resolve mutations for :app:packageDebugUnitTestForUnitTest (Thread[#114,Execution worker Thread 3,5,main]) started.

> Task :app:processDebugJavaRes UP-TO-DATE
file or directory '/app/applet/app/src/main/resources', not found
file or directory '/app/applet/app/src/debug/resources', not found
Caching disabled for task ':app:processDebugJavaRes' because:
  Caching has been disabled for the task
Skipping task ':app:processDebugJavaRes' as it is up-to-date.
work action resolve out (project :app) (Thread[#111,included builds,5,main]) started.
:app:packageDebugUnitTestForUnitTest (Thread[#111,included builds,5,main]) started.

> Task :app:compileDebugJavaWithJavac UP-TO-DATE
Build cache key for task ':app:compileDebugJavaWithJavac' is 0e4a9e65150b3fe579237ae1ba7a9c21
Skipping task ':app:compileDebugJavaWithJavac' as it is up-to-date.
No compile result for :app:compileDebugJavaWithJavac
Resolve mutations for :app:bundleDebugClassesToRuntimeJar (Thread[#112,Execution worker,5,main]) started.
Resolve mutations for :app:bundleDebugClassesToCompileJar (Thread[#114,Execution worker Thread 3,5,main]) started.
:app:bundleDebugClassesToRuntimeJar (Thread[#112,Execution worker,5,main]) started.
:app:bundleDebugClassesToCompileJar (Thread[#114,Execution worker Thread 3,5,main]) started.

> Task :app:packageDebugUnitTestForUnitTest UP-TO-DATE
Caching disabled for task ':app:packageDebugUnitTestForUnitTest' because:
  Simple merging task
Skipping task ':app:packageDebugUnitTestForUnitTest' as it is up-to-date.
Resolve mutations for :app:generateDebugUnitTestConfig (Thread[#111,included builds,5,main]) started.
:app:generateDebugUnitTestConfig (Thread[#111,included builds,5,main]) started.

> Task :app:bundleDebugClassesToCompileJar UP-TO-DATE
Caching disabled for task ':app:bundleDebugClassesToCompileJar' because:
  Caching has been disabled for the task
Skipping task ':app:bundleDebugClassesToCompileJar' as it is up-to-date.

> Task :app:bundleDebugClassesToRuntimeJar UP-TO-DATE
Caching disabled for task ':app:bundleDebugClassesToRuntimeJar' because:
  Caching has been disabled for the task
Skipping task ':app:bundleDebugClassesToRuntimeJar' as it is up-to-date.
work action resolve classes.jar (project :app) (Thread[#114,Execution worker Thread 3,5,main]) started.
work action resolve classes.jar (project :app) (Thread[#112,Execution worker,5,main]) started.
Resolve mutations for :app:kspDebugUnitTestKotlin (Thread[#114,Execution worker Thread 3,5,main]) started.
:app:kspDebugUnitTestKotlin (Thread[#114,Execution worker Thread 3,5,main]) started.

> Task :app:generateDebugUnitTestConfig UP-TO-DATE
Caching disabled for task ':app:generateDebugUnitTestConfig' because:
  Caching has been disabled for the task
Skipping task ':app:generateDebugUnitTestConfig' as it is up-to-date.

> Task :app:kspDebugUnitTestKotlin UP-TO-DATE
Build cache key for task ':app:kspDebugUnitTestKotlin' is cd62f9f260748621387a5951d967469b
Skipping task ':app:kspDebugUnitTestKotlin' as it is up-to-date.
Resolve mutations for :app:compileDebugUnitTestKotlin (Thread[#114,Execution worker Thread 3,5,main]) started.
:app:compileDebugUnitTestKotlin (Thread[#114,Execution worker Thread 3,5,main]) started.

> Task :app:compileDebugUnitTestKotlin UP-TO-DATE
file or directory '/app/applet/app/src/test/kotlin', not found
file or directory '/app/applet/app/src/testDebug/java', not found
file or directory '/app/applet/app/src/testDebug/kotlin', not found
file or directory '/app/applet/app/src/testDebug/java', not found
file or directory '/app/applet/app/src/test/kotlin', not found
file or directory '/app/applet/app/src/testDebug/java', not found
file or directory '/app/applet/app/src/testDebug/kotlin', not found
file or directory '/app/applet/app/src/testDebug/java', not found
file or directory '/app/applet/app/src/test/kotlin', not found
file or directory '/app/applet/app/src/testDebug/java', not found
file or directory '/app/applet/app/src/testDebug/kotlin', not found
file or directory '/app/applet/app/src/testDebug/java', not found
Build cache key for task ':app:compileDebugUnitTestKotlin' is ea0353c80949f0e062b947c7a7c61838
Skipping task ':app:compileDebugUnitTestKotlin' as it is up-to-date.
Resolve mutations for :app:compileDebugUnitTestJavaWithJavac (Thread[#114,Execution worker Thread 3,5,main]) started.
Resolve mutations for :app:processDebugUnitTestJavaRes (Thread[#111,included builds,5,main]) started.
:app:processDebugUnitTestJavaRes (Thread[#111,included builds,5,main]) started.
:app:compileDebugUnitTestJavaWithJavac (Thread[#114,Execution worker Thread 3,5,main]) started.

> Task :app:compileDebugUnitTestJavaWithJavac NO-SOURCE
Skipping task ':app:compileDebugUnitTestJavaWithJavac' as it has no source files and no previous output files.

> Task :app:processDebugUnitTestJavaRes UP-TO-DATE
file or directory '/app/applet/app/src/test/resources', not found
file or directory '/app/applet/app/src/testDebug/resources', not found
Caching disabled for task ':app:processDebugUnitTestJavaRes' because:
  Caching has been disabled for the task
Skipping task ':app:processDebugUnitTestJavaRes' as it is up-to-date.
Resolve mutations for :app:testDebugUnitTest (Thread[#111,included builds,5,main]) started.
:app:testDebugUnitTest (Thread[#111,included builds,5,main]) started.

> Task :app:testDebugUnitTest FROM-CACHE
Build cache key for task ':app:testDebugUnitTest' is 85da3ddb9ba0b328c70545bfc3d76267
Task ':app:testDebugUnitTest' is not up-to-date because:
  Output property '$2' file /app/applet/app/build/intermediates/roborazzi has been removed.
  Output property '$3' file /app/applet/app/build/test-results/roborazzi/debug/results has been removed.
  Output property 'binaryResultsDirectory' file /app/applet/app/build/test-results/testDebugUnitTest/binary has been removed.
  and more...
Loaded cache entry for task ':app:testDebugUnitTest' with cache key 85da3ddb9ba0b328c70545bfc3d76267
Resolve mutations for :app:finalizeTestRoborazziDebug (Thread[#111,included builds,5,main]) started.
:app:finalizeTestRoborazziDebug (Thread[#111,included builds,5,main]) started.

> Task :app:finalizeTestRoborazziDebug SKIPPED
Roborazzi: roborazziTestFinalizer.onlyIf doesRoborazziRun false
Skipping task ':app:finalizeTestRoborazziDebug' as task onlyIf 'Task satisfies onlyIf spec' is false.
Build 4b9495c1-024f-4e01-b8d9-7e1b8d0bcc00 is closed

BUILD SUCCESSFUL in 2s
34 actionable tasks: 1 executed, 1 from cache, 32 up-to-date
Configuration cache entry reused.
